// Jest Snapshot v1, https://goo.gl/fbAQLP

exports[`<CalendarDays /> renders correctly 1`] = `
<CalendarDays__CalendarDaysWrapper
  blacklist={
    Array [
      "m",
      "mt",
      "mr",
      "mb",
      "ml",
      "mx",
      "my",
      "p",
      "pt",
      "pr",
      "pb",
      "pl",
      "px",
      "py",
      "width",
      "fontSize",
      "color",
      "bg",
      "fontFamily",
      "textAlign",
      "lineHeight",
      "fontWeight",
      "fontStyle",
      "letterSpacing",
      "display",
      "maxWidth",
      "minWidth",
      "height",
      "maxHeight",
      "minHeight",
      "size",
      "ratio",
      "verticalAlign",
      "alignItems",
      "alignContent",
      "justifyItems",
      "justifyContent",
      "flexWrap",
      "flexBasis",
      "flexDirection",
      "flex",
      "justifySelf",
      "alignSelf",
      "order",
      "gridGap",
      "gridColumnGap",
      "gridRowGap",
      "gridColumn",
      "gridRow",
      "gridAutoFlow",
      "gridAutoColumns",
      "gridAutoRows",
      "gridTemplateColumns",
      "gridTemplateRows",
      "gridTemplateAreas",
      "gridArea",
      "border",
      "borderTop",
      "borderRight",
      "borderBottom",
      "borderLeft",
      "borderColor",
      "borderRadius",
      "boxShadow",
      "opacity",
      "overflow",
      "background",
      "backgroundImage",
      "backgroundPosition",
      "backgroundRepeat",
      "backgroundSize",
      "position",
      "zIndex",
      "top",
      "right",
      "bottom",
      "left",
      "textStyle",
      "colors",
      "variant",
      "theme",
    ]
  }
>
  <CalendarDay
    _isMockFunction={true}
    disabled={false}
    getMockImplementation={[Function]}
    getMockName={[Function]}
    highlighted={false}
    key="201870"
    mock={
      Object {
        "calls": Array [],
        "instances": Array [],
        "invocationCallOrder": Array [],
        "results": Array [],
      }
    }
    mockClear={[Function]}
    mockImplementation={[Function]}
    mockImplementationOnce={[Function]}
    mockName={[Function]}
    mockRejectedValue={[Function]}
    mockRejectedValueOnce={[Function]}
    mockReset={[Function]}
    mockResolvedValue={[Function]}
    mockResolvedValueOnce={[Function]}
    mockRestore={[Function]}
    mockReturnThis={[Function]}
    mockReturnValue={[Function]}
    mockReturnValueOnce={[Function]}
    selectable={true}
    selected={false}
  >
    1
  </CalendarDay>
  <CalendarDay
    _isMockFunction={true}
    disabled={false}
    getMockImplementation={[Function]}
    getMockName={[Function]}
    highlighted={false}
    key="201871"
    mock={
      Object {
        "calls": Array [],
        "instances": Array [],
        "invocationCallOrder": Array [],
        "results": Array [],
      }
    }
    mockClear={[Function]}
    mockImplementation={[Function]}
    mockImplementationOnce={[Function]}
    mockName={[Function]}
    mockRejectedValue={[Function]}
    mockRejectedValueOnce={[Function]}
    mockReset={[Function]}
    mockResolvedValue={[Function]}
    mockResolvedValueOnce={[Function]}
    mockRestore={[Function]}
    mockReturnThis={[Function]}
    mockReturnValue={[Function]}
    mockReturnValueOnce={[Function]}
    selectable={true}
    selected={false}
  >
    2
  </CalendarDay>
  <CalendarDay
    _isMockFunction={true}
    disabled={false}
    getMockImplementation={[Function]}
    getMockName={[Function]}
    highlighted={false}
    key="201872"
    mock={
      Object {
        "calls": Array [],
        "instances": Array [],
        "invocationCallOrder": Array [],
        "results": Array [],
      }
    }
    mockClear={[Function]}
    mockImplementation={[Function]}
    mockImplementationOnce={[Function]}
    mockName={[Function]}
    mockRejectedValue={[Function]}
    mockRejectedValueOnce={[Function]}
    mockReset={[Function]}
    mockResolvedValue={[Function]}
    mockResolvedValueOnce={[Function]}
    mockRestore={[Function]}
    mockReturnThis={[Function]}
    mockReturnValue={[Function]}
    mockReturnValueOnce={[Function]}
    selectable={true}
    selected={false}
  >
    3
  </CalendarDay>
  <CalendarDay
    _isMockFunction={true}
    disabled={false}
    getMockImplementation={[Function]}
    getMockName={[Function]}
    highlighted={false}
    key="201873"
    mock={
      Object {
        "calls": Array [],
        "instances": Array [],
        "invocationCallOrder": Array [],
        "results": Array [],
      }
    }
    mockClear={[Function]}
    mockImplementation={[Function]}
    mockImplementationOnce={[Function]}
    mockName={[Function]}
    mockRejectedValue={[Function]}
    mockRejectedValueOnce={[Function]}
    mockReset={[Function]}
    mockResolvedValue={[Function]}
    mockResolvedValueOnce={[Function]}
    mockRestore={[Function]}
    mockReturnThis={[Function]}
    mockReturnValue={[Function]}
    mockReturnValueOnce={[Function]}
    selectable={true}
    selected={false}
  >
    4
  </CalendarDay>
  <CalendarDay
    _isMockFunction={true}
    disabled={false}
    getMockImplementation={[Function]}
    getMockName={[Function]}
    highlighted={false}
    key="201874"
    mock={
      Object {
        "calls": Array [],
        "instances": Array [],
        "invocationCallOrder": Array [],
        "results": Array [],
      }
    }
    mockClear={[Function]}
    mockImplementation={[Function]}
    mockImplementationOnce={[Function]}
    mockName={[Function]}
    mockRejectedValue={[Function]}
    mockRejectedValueOnce={[Function]}
    mockReset={[Function]}
    mockResolvedValue={[Function]}
    mockResolvedValueOnce={[Function]}
    mockRestore={[Function]}
    mockReturnThis={[Function]}
    mockReturnValue={[Function]}
    mockReturnValueOnce={[Function]}
    selectable={true}
    selected={false}
  >
    5
  </CalendarDay>
  <CalendarDay
    _isMockFunction={true}
    disabled={false}
    getMockImplementation={[Function]}
    getMockName={[Function]}
    highlighted={false}
    key="201875"
    mock={
      Object {
        "calls": Array [],
        "instances": Array [],
        "invocationCallOrder": Array [],
        "results": Array [],
      }
    }
    mockClear={[Function]}
    mockImplementation={[Function]}
    mockImplementationOnce={[Function]}
    mockName={[Function]}
    mockRejectedValue={[Function]}
    mockRejectedValueOnce={[Function]}
    mockReset={[Function]}
    mockResolvedValue={[Function]}
    mockResolvedValueOnce={[Function]}
    mockRestore={[Function]}
    mockReturnThis={[Function]}
    mockReturnValue={[Function]}
    mockReturnValueOnce={[Function]}
    selectable={true}
    selected={false}
  >
    6
  </CalendarDay>
  <CalendarDay
    _isMockFunction={true}
    disabled={false}
    getMockImplementation={[Function]}
    getMockName={[Function]}
    highlighted={false}
    key="201876"
    mock={
      Object {
        "calls": Array [],
        "instances": Array [],
        "invocationCallOrder": Array [],
        "results": Array [],
      }
    }
    mockClear={[Function]}
    mockImplementation={[Function]}
    mockImplementationOnce={[Function]}
    mockName={[Function]}
    mockRejectedValue={[Function]}
    mockRejectedValueOnce={[Function]}
    mockReset={[Function]}
    mockResolvedValue={[Function]}
    mockResolvedValueOnce={[Function]}
    mockRestore={[Function]}
    mockReturnThis={[Function]}
    mockReturnValue={[Function]}
    mockReturnValueOnce={[Function]}
    selectable={true}
    selected={false}
  >
    8
  </CalendarDay>
  <CalendarDay
    _isMockFunction={true}
    disabled={false}
    getMockImplementation={[Function]}
    getMockName={[Function]}
    highlighted={false}
    key="201870"
    mock={
      Object {
        "calls": Array [],
        "instances": Array [],
        "invocationCallOrder": Array [],
        "results": Array [],
      }
    }
    mockClear={[Function]}
    mockImplementation={[Function]}
    mockImplementationOnce={[Function]}
    mockName={[Function]}
    mockRejectedValue={[Function]}
    mockRejectedValueOnce={[Function]}
    mockReset={[Function]}
    mockResolvedValue={[Function]}
    mockResolvedValueOnce={[Function]}
    mockRestore={[Function]}
    mockReturnThis={[Function]}
    mockReturnValue={[Function]}
    mockReturnValueOnce={[Function]}
    selectable={true}
    selected={false}
  >
    8
  </CalendarDay>
  <CalendarDay
    _isMockFunction={true}
    disabled={false}
    getMockImplementation={[Function]}
    getMockName={[Function]}
    highlighted={false}
    key="201871"
    mock={
      Object {
        "calls": Array [],
        "instances": Array [],
        "invocationCallOrder": Array [],
        "results": Array [],
      }
    }
    mockClear={[Function]}
    mockImplementation={[Function]}
    mockImplementationOnce={[Function]}
    mockName={[Function]}
    mockRejectedValue={[Function]}
    mockRejectedValueOnce={[Function]}
    mockReset={[Function]}
    mockResolvedValue={[Function]}
    mockResolvedValueOnce={[Function]}
    mockRestore={[Function]}
    mockReturnThis={[Function]}
    mockReturnValue={[Function]}
    mockReturnValueOnce={[Function]}
    selectable={true}
    selected={false}
  >
    9
  </CalendarDay>
  <CalendarDay
    _isMockFunction={true}
    disabled={false}
    getMockImplementation={[Function]}
    getMockName={[Function]}
    highlighted={false}
    key="201872"
    mock={
      Object {
        "calls": Array [],
        "instances": Array [],
        "invocationCallOrder": Array [],
        "results": Array [],
      }
    }
    mockClear={[Function]}
    mockImplementation={[Function]}
    mockImplementationOnce={[Function]}
    mockName={[Function]}
    mockRejectedValue={[Function]}
    mockRejectedValueOnce={[Function]}
    mockReset={[Function]}
    mockResolvedValue={[Function]}
    mockResolvedValueOnce={[Function]}
    mockRestore={[Function]}
    mockReturnThis={[Function]}
    mockReturnValue={[Function]}
    mockReturnValueOnce={[Function]}
    selectable={true}
    selected={false}
  >
    10
  </CalendarDay>
  <CalendarDay
    _isMockFunction={true}
    disabled={false}
    getMockImplementation={[Function]}
    getMockName={[Function]}
    highlighted={false}
    key="201873"
    mock={
      Object {
        "calls": Array [],
        "instances": Array [],
        "invocationCallOrder": Array [],
        "results": Array [],
      }
    }
    mockClear={[Function]}
    mockImplementation={[Function]}
    mockImplementationOnce={[Function]}
    mockName={[Function]}
    mockRejectedValue={[Function]}
    mockRejectedValueOnce={[Function]}
    mockReset={[Function]}
    mockResolvedValue={[Function]}
    mockResolvedValueOnce={[Function]}
    mockRestore={[Function]}
    mockReturnThis={[Function]}
    mockReturnValue={[Function]}
    mockReturnValueOnce={[Function]}
    selectable={true}
    selected={false}
  >
    11
  </CalendarDay>
  <CalendarDay
    _isMockFunction={true}
    disabled={false}
    getMockImplementation={[Function]}
    getMockName={[Function]}
    highlighted={false}
    key="201874"
    mock={
      Object {
        "calls": Array [],
        "instances": Array [],
        "invocationCallOrder": Array [],
        "results": Array [],
      }
    }
    mockClear={[Function]}
    mockImplementation={[Function]}
    mockImplementationOnce={[Function]}
    mockName={[Function]}
    mockRejectedValue={[Function]}
    mockRejectedValueOnce={[Function]}
    mockReset={[Function]}
    mockResolvedValue={[Function]}
    mockResolvedValueOnce={[Function]}
    mockRestore={[Function]}
    mockReturnThis={[Function]}
    mockReturnValue={[Function]}
    mockReturnValueOnce={[Function]}
    selectable={true}
    selected={false}
  >
    12
  </CalendarDay>
  <CalendarDay
    _isMockFunction={true}
    disabled={false}
    getMockImplementation={[Function]}
    getMockName={[Function]}
    highlighted={false}
    key="201875"
    mock={
      Object {
        "calls": Array [],
        "instances": Array [],
        "invocationCallOrder": Array [],
        "results": Array [],
      }
    }
    mockClear={[Function]}
    mockImplementation={[Function]}
    mockImplementationOnce={[Function]}
    mockName={[Function]}
    mockRejectedValue={[Function]}
    mockRejectedValueOnce={[Function]}
    mockReset={[Function]}
    mockResolvedValue={[Function]}
    mockResolvedValueOnce={[Function]}
    mockRestore={[Function]}
    mockReturnThis={[Function]}
    mockReturnValue={[Function]}
    mockReturnValueOnce={[Function]}
    selectable={true}
    selected={false}
  >
    13
  </CalendarDay>
  <CalendarDay
    _isMockFunction={true}
    disabled={false}
    getMockImplementation={[Function]}
    getMockName={[Function]}
    highlighted={false}
    key="201876"
    mock={
      Object {
        "calls": Array [],
        "instances": Array [],
        "invocationCallOrder": Array [],
        "results": Array [],
      }
    }
    mockClear={[Function]}
    mockImplementation={[Function]}
    mockImplementationOnce={[Function]}
    mockName={[Function]}
    mockRejectedValue={[Function]}
    mockRejectedValueOnce={[Function]}
    mockReset={[Function]}
    mockResolvedValue={[Function]}
    mockResolvedValueOnce={[Function]}
    mockRestore={[Function]}
    mockReturnThis={[Function]}
    mockReturnValue={[Function]}
    mockReturnValueOnce={[Function]}
    selectable={true}
    selected={false}
  >
    15
  </CalendarDay>
</CalendarDays__CalendarDaysWrapper>
`;
