// Jest Snapshot v1, https://goo.gl/fbAQLP

exports[`<ListItem /> renders correctly 1`] = `
.c0 {
  margin: 0 0 1rem;
}

<Clean.li
  className="c0"
>
  Hello List
</Clean.li>
`;
