// Jest Snapshot v1, https://goo.gl/fbAQLP

exports[`<ModalBody /> renders correctly 1`] = `
<Box
  blacklist={
    Array [
      "m",
      "mt",
      "mr",
      "mb",
      "ml",
      "mx",
      "my",
      "p",
      "pt",
      "pr",
      "pb",
      "pl",
      "px",
      "py",
      "width",
      "fontSize",
      "color",
      "bg",
      "fontFamily",
      "textAlign",
      "lineHeight",
      "fontWeight",
      "fontStyle",
      "letterSpacing",
      "display",
      "maxWidth",
      "minWidth",
      "height",
      "maxHeight",
      "minHeight",
      "size",
      "ratio",
      "verticalAlign",
      "alignItems",
      "alignContent",
      "justifyItems",
      "justifyContent",
      "flexWrap",
      "flexBasis",
      "flexDirection",
      "flex",
      "justifySelf",
      "alignSelf",
      "order",
      "gridGap",
      "gridColumnGap",
      "gridRowGap",
      "gridColumn",
      "gridRow",
      "gridAutoFlow",
      "gridAutoColumns",
      "gridAutoRows",
      "gridTemplateColumns",
      "gridTemplateRows",
      "gridTemplateAreas",
      "gridArea",
      "border",
      "borderTop",
      "borderRight",
      "borderBottom",
      "borderLeft",
      "borderColor",
      "borderRadius",
      "boxShadow",
      "opacity",
      "overflow",
      "background",
      "backgroundImage",
      "backgroundPosition",
      "backgroundRepeat",
      "backgroundSize",
      "position",
      "zIndex",
      "top",
      "right",
      "bottom",
      "left",
      "textStyle",
      "colors",
      "variant",
      "theme",
    ]
  }
  pb={10}
  pt={7}
  px={11}
  textAlign="center"
>
  <Text
    blacklist={
      Array [
        "textStyle",
        "color",
        "bg",
        "fontSize",
        "fontWeight",
        "letterSpacing",
        "lineHeight",
        "m",
        "mt",
        "mr",
        "mb",
        "ml",
        "mx",
        "my",
        "p",
        "pt",
        "pr",
        "pb",
        "pl",
        "px",
        "py",
        "textAlign",
        "textDecoration",
        "display",
        "hidden",
      ]
    }
    color="text"
    fontSize="xl"
    hidden={false}
    textStyle="text"
  >
    Lorem ipsum dolor sit amet
  </Text>
</Box>
`;
