// Jest Snapshot v1, https://goo.gl/fbAQLP

exports[`<BlockLink /> renders correctly 1`] = `
.c0 {
  cursor: pointer;
  -webkit-text-decoration: none;
  text-decoration: none;
  display: inline-block;
  color: #E00E00;
  display: block;
  color: inherit;
  -webkit-text-decoration: none;
  text-decoration: none;
}

.c0:hover {
  color: #870000;
}

.c0:focus {
  outline: 2px solid #8DE2E0;
}

<Clean.a
  blacklist={
    Array [
      "color",
      "bg",
      "hover",
      "fontWeight",
      "m",
      "mt",
      "mr",
      "mb",
      "ml",
      "mx",
      "my",
      "p",
      "pt",
      "pr",
      "pb",
      "pl",
      "px",
      "py",
      "hidden",
      "underline",
    ]
  }
  className="c0"
  hidden={false}
  underline={false}
>
  Hello world
</Clean.a>
`;
