// Jest Snapshot v1, https://goo.gl/fbAQLP

exports[`<Container /> renders correctly 1`] = `
<ContextConsumer>
  <Component />
</ContextConsumer>
`;

exports[`<Container /> with a responsive gutter renders correctly 1`] = `
<ContextConsumer>
  <Component />
</ContextConsumer>
`;
