// Jest Snapshot v1, https://goo.gl/fbAQLP

exports[`<CalendarWeekdays /> renders correctly 1`] = `
<Box>
  <CalendarWeekday
    key="72018S"
  >
    S
  </CalendarWeekday>
  <CalendarWeekday
    key="72018M"
  >
    M
  </CalendarWeekday>
  <CalendarWeekday
    key="72018T"
  >
    T
  </CalendarWeekday>
  <CalendarWeekday
    key="72018W"
  >
    W
  </CalendarWeekday>
  <CalendarWeekday
    key="72018T"
  >
    T
  </CalendarWeekday>
  <CalendarWeekday
    key="72018F"
  >
    F
  </CalendarWeekday>
  <CalendarWeekday
    key="72018S"
  >
    S
  </CalendarWeekday>
</Box>
`;
