// Jest Snapshot v1, https://goo.gl/fbAQLP

exports[`<Paragraph /> renders correctly 1`] = `
.c0 {
  font-size: 1rem;
  line-height: 1.5;
  font-weight: 500;
  margin: 0rem;
  margin-bottom: 0.5rem;
}

<Clean.p
  blacklist={
    Array [
      "textStyle",
      "color",
      "bg",
      "fontSize",
      "f",
      "fontWeight",
      "letterSpacing",
      "lineHeight",
      "m",
      "mt",
      "mr",
      "mb",
      "ml",
      "mx",
      "my",
      "p",
      "pt",
      "pr",
      "pb",
      "pl",
      "px",
      "py",
      "textAlign",
      "align",
      "textDecoration",
      "hidden",
    ]
  }
  className="c0"
  hidden={false}
  m={0}
  mb={2}
  textStyle="text"
>
  Hello world
</Clean.p>
`;
