// Jest Snapshot v1, https://goo.gl/fbAQLP

exports[`<Button /> block renders correctly 1`] = `
<ContextConsumer>
  <Component />
</ContextConsumer>
`;

exports[`<Button /> primary renders correctly 1`] = `
<ContextConsumer>
  <Component />
</ContextConsumer>
`;

exports[`<Button /> renders correctly 1`] = `
<ContextConsumer>
  <Component />
</ContextConsumer>
`;

exports[`<Button /> rounded renders correctly 1`] = `
<ContextConsumer>
  <Component />
</ContextConsumer>
`;
