// Jest Snapshot v1, https://goo.gl/fbAQLP

exports[`<Nav /> renders correctly 1`] = `undefined`;

exports[`<NavButton /> renders correctly 1`] = `undefined`;
