// Jest Snapshot v1, https://goo.gl/fbAQLP

exports[`<CalendarDay /> renders correctly 1`] = `
<Styled(Box)
  selected={true}
>
  <Styled(NakedButton)
    disabled={false}
    highlighted={false}
    is="button"
    selectable={true}
    selected={true}
  >
    21
  </Styled(NakedButton)>
</Styled(Box)>
`;

exports[`<CalendarEmptyDay /> renders correctly 1`] = `
<StyledComponent
  forwardedRef={null}
>
  15
</StyledComponent>
`;
