// Jest Snapshot v1, https://goo.gl/fbAQLP

exports[`<DatePicker /> renders children correctly 1`] = `
<Box
  position="relative"
>
  <CalendarNav
    nextProps={
      Object {
        "aria-label": "Go forward 1 month",
        "disabled": false,
        "onClick": [Function],
      }
    }
    prevProps={
      Object {
        "aria-label": "Go back 1 month",
        "disabled": false,
        "onClick": [Function],
      }
    }
  />
  <Box
    flexWrap="wrap"
  >
    <CalendarMonth
      disabledDates={
        Array [
          2018-07-04T00:00:00.000Z,
          2018-07-05T00:00:00.000Z,
        ]
      }
      getDateProps={[Function]}
      interactiveDisabledDates={false}
      key="62018"
      month={6}
      monthName="Jul"
      monthsToDisplay={1}
      stacked={true}
      weekdayNames={
        Array [
          "S",
          "M",
          "T",
          "W",
          "T",
          "F",
          "S",
        ]
      }
      weeks={
        Array [
          Array [
            "",
            "",
            "",
            "",
            "",
            "",
            Object {
              "date": 2018-06-30T14:00:00.000Z,
              "nextMonth": false,
              "prevMonth": false,
              "selectable": true,
              "selected": false,
              "today": false,
            },
          ],
          Array [
            Object {
              "date": 2018-07-01T14:00:00.000Z,
              "nextMonth": false,
              "prevMonth": false,
              "selectable": true,
              "selected": false,
              "today": false,
            },
            Object {
              "date": 2018-07-02T14:00:00.000Z,
              "nextMonth": false,
              "prevMonth": false,
              "selectable": true,
              "selected": false,
              "today": false,
            },
            Object {
              "date": 2018-07-03T14:00:00.000Z,
              "nextMonth": false,
              "prevMonth": false,
              "selectable": true,
              "selected": false,
              "today": false,
            },
            Object {
              "date": 2018-07-04T14:00:00.000Z,
              "nextMonth": false,
              "prevMonth": false,
              "selectable": true,
              "selected": false,
              "today": false,
            },
            Object {
              "date": 2018-07-05T14:00:00.000Z,
              "nextMonth": false,
              "prevMonth": false,
              "selectable": true,
              "selected": false,
              "today": false,
            },
            Object {
              "date": 2018-07-06T14:00:00.000Z,
              "nextMonth": false,
              "prevMonth": false,
              "selectable": true,
              "selected": false,
              "today": false,
            },
            Object {
              "date": 2018-07-07T14:00:00.000Z,
              "nextMonth": false,
              "prevMonth": false,
              "selectable": true,
              "selected": false,
              "today": false,
            },
          ],
          Array [
            Object {
              "date": 2018-07-08T14:00:00.000Z,
              "nextMonth": false,
              "prevMonth": false,
              "selectable": true,
              "selected": false,
              "today": false,
            },
            Object {
              "date": 2018-07-09T14:00:00.000Z,
              "nextMonth": false,
              "prevMonth": false,
              "selectable": true,
              "selected": false,
              "today": false,
            },
            Object {
              "date": 2018-07-10T14:00:00.000Z,
              "nextMonth": false,
              "prevMonth": false,
              "selectable": true,
              "selected": false,
              "today": false,
            },
            Object {
              "date": 2018-07-11T14:00:00.000Z,
              "nextMonth": false,
              "prevMonth": false,
              "selectable": true,
              "selected": false,
              "today": false,
            },
            Object {
              "date": 2018-07-12T14:00:00.000Z,
              "nextMonth": false,
              "prevMonth": false,
              "selectable": true,
              "selected": false,
              "today": false,
            },
            Object {
              "date": 2018-07-13T14:00:00.000Z,
              "nextMonth": false,
              "prevMonth": false,
              "selectable": true,
              "selected": false,
              "today": false,
            },
            Object {
              "date": 2018-07-14T14:00:00.000Z,
              "nextMonth": false,
              "prevMonth": false,
              "selectable": true,
              "selected": false,
              "today": false,
            },
          ],
          Array [
            Object {
              "date": 2018-07-15T14:00:00.000Z,
              "nextMonth": false,
              "prevMonth": false,
              "selectable": true,
              "selected": false,
              "today": false,
            },
            Object {
              "date": 2018-07-16T14:00:00.000Z,
              "nextMonth": false,
              "prevMonth": false,
              "selectable": true,
              "selected": false,
              "today": false,
            },
            Object {
              "date": 2018-07-17T14:00:00.000Z,
              "nextMonth": false,
              "prevMonth": false,
              "selectable": true,
              "selected": false,
              "today": false,
            },
            Object {
              "date": 2018-07-18T14:00:00.000Z,
              "nextMonth": false,
              "prevMonth": false,
              "selectable": true,
              "selected": false,
              "today": false,
            },
            Object {
              "date": 2018-07-19T14:00:00.000Z,
              "nextMonth": false,
              "prevMonth": false,
              "selectable": true,
              "selected": true,
              "today": false,
            },
            Object {
              "date": 2018-07-20T14:00:00.000Z,
              "nextMonth": false,
              "prevMonth": false,
              "selectable": true,
              "selected": false,
              "today": false,
            },
            Object {
              "date": 2018-07-21T14:00:00.000Z,
              "nextMonth": false,
              "prevMonth": false,
              "selectable": true,
              "selected": false,
              "today": false,
            },
          ],
          Array [
            Object {
              "date": 2018-07-22T14:00:00.000Z,
              "nextMonth": false,
              "prevMonth": false,
              "selectable": true,
              "selected": false,
              "today": false,
            },
            Object {
              "date": 2018-07-23T14:00:00.000Z,
              "nextMonth": false,
              "prevMonth": false,
              "selectable": true,
              "selected": false,
              "today": false,
            },
            Object {
              "date": 2018-07-24T14:00:00.000Z,
              "nextMonth": false,
              "prevMonth": false,
              "selectable": true,
              "selected": false,
              "today": false,
            },
            Object {
              "date": 2018-07-25T14:00:00.000Z,
              "nextMonth": false,
              "prevMonth": false,
              "selectable": true,
              "selected": false,
              "today": false,
            },
            Object {
              "date": 2018-07-26T14:00:00.000Z,
              "nextMonth": false,
              "prevMonth": false,
              "selectable": true,
              "selected": false,
              "today": false,
            },
            Object {
              "date": 2018-07-27T14:00:00.000Z,
              "nextMonth": false,
              "prevMonth": false,
              "selectable": true,
              "selected": false,
              "today": false,
            },
            Object {
              "date": 2018-07-28T14:00:00.000Z,
              "nextMonth": false,
              "prevMonth": false,
              "selectable": true,
              "selected": false,
              "today": false,
            },
          ],
          Array [
            Object {
              "date": 2018-07-29T14:00:00.000Z,
              "nextMonth": false,
              "prevMonth": false,
              "selectable": true,
              "selected": false,
              "today": false,
            },
            Object {
              "date": 2018-07-30T14:00:00.000Z,
              "nextMonth": false,
              "prevMonth": false,
              "selectable": true,
              "selected": false,
              "today": false,
            },
            "",
            "",
            "",
            "",
            "",
          ],
        ]
      }
      year={2018}
    />
  </Box>
</Box>
`;

exports[`<DatePicker /> renders correctly 1`] = `
<Dayzed
  date={2018-07-03T00:00:00.000Z}
  firstDayOfWeek={1}
  maxDate={2018-08-20T00:00:00.000Z}
  minDate={2018-06-01T00:00:00.000Z}
  monthsToDisplay={1}
  onDateSelected={[MockFunction]}
  onOffsetChanged={[Function]}
  render={[Function]}
  selected={2018-07-20T00:00:00.000Z}
  showOutsideDays={false}
/>
`;
