// Jest Snapshot v1, https://goo.gl/fbAQLP

exports[`<Card /> renders correctly 1`] = `
<StyledComponent
  bg="white"
  borderRadius="default"
  boxShadow="default"
  forwardedRef={null}
  p={4}
>
  Hello world
</StyledComponent>
`;
