// Jest Snapshot v1, https://goo.gl/fbAQLP

exports[`<MaskedInput /> <MaskedInput.time /> renders correctly 1`] = `
<ContextConsumer>
  <Component />
</ContextConsumer>
`;

exports[`<MaskedInput /> renders correctly 1`] = `
<ContextConsumer>
  <Component />
</ContextConsumer>
`;
