// Jest Snapshot v1, https://goo.gl/fbAQLP

exports[`<OutlineButton /> primary renders correctly 1`] = `undefined`;

exports[`<OutlineButton /> renders correctly 1`] = `
.c0 {
  display: inline-block;
  margin: 0;
  padding: 0.75rem 1.5rem;
  font-size: 1rem;
  font-weight: 600;
  -webkit-letter-spacing: 0.125em;
  -moz-letter-spacing: 0.125em;
  -ms-letter-spacing: 0.125em;
  letter-spacing: 0.125em;
  line-height: 1.35;
  text-align: center;
  -webkit-text-decoration: none;
  text-decoration: none;
  text-transform: uppercase;
  border: 2px solid;
  border-color: transparent;
  border-radius: 4px;
  outline: 0;
  -webkit-transition: background-color 200ms ease-in;
  transition: background-color 200ms ease-in;
  cursor: pointer;
  -webkit-appearance: none;
  -moz-appearance: none;
  appearance: none;
  color: white;
  background-color: #323232;
  background-color: transparent;
  border-color: #323232;
  -webkit-transition: none;
  transition: none;
}

.c0:hover {
  background-color: #181818;
}

.c0:hover:disabled {
  background-color: #323232;
}

.c0:focus {
  box-shadow: 0 0 2px 2px #999999;
}

.c0:disabled {
  opacity: 0.7;
  cursor: not-allowed;
}

.c0:not(:hover) {
  color: #323232;
}

.c0:hover:not(:disabled) {
  background-color: #323232;
  border-color: #323232;
}

.c0:disabled {
  color: #999999;
  border-color: #999999;
}

<OutlineButton
  variant="default"
>
  <StyledComponent
    forwardedRef={null}
    variant="default"
  >
    <Clean.button
      className="c0"
      variant="default"
    >
      <Clean.div
        className="c0"
        is="button"
        variant="default"
      >
        <button
          className="c0"
          variant="default"
        >
          Click here
        </button>
      </Clean.div>
    </Clean.button>
  </StyledComponent>
</OutlineButton>
`;

exports[`<OutlineButton /> rounded renders correctly 1`] = `undefined`;
