// Jest Snapshot v1, https://goo.gl/fbAQLP

exports[`<Icon /> renders correctly 1`] = `
ShallowWrapper {
  "length": 1,
  Symbol(enzyme.__root__): [Circular],
  Symbol(enzyme.__unrendered__): <Icon
    fill="currentColor"
    height={null}
    path="M12.272 25.036l-8.749-8.49L0 20.026 12.272 32 36 8.482 32.474 5z"
    size="1em"
    title={null}
    width={null}
  />,
  Symbol(enzyme.__renderer__): Object {
    "batchedUpdates": [Function],
    "getNode": [Function],
    "render": [Function],
    "simulateEvent": [Function],
    "unmount": [Function],
  },
  Symbol(enzyme.__node__): Object {
    "instance": null,
    "key": undefined,
    "nodeType": "host",
    "props": Object {
      "children": Array [
        null,
        <path
          d="M12.272 25.036l-8.749-8.49L0 20.026 12.272 32 36 8.482 32.474 5z"
        />,
      ],
      "fill": "currentColor",
      "height": "1em",
      "viewBox": "0 0 36 36",
      "width": "1em",
    },
    "ref": null,
    "rendered": Array [
      null,
      Object {
        "instance": null,
        "key": undefined,
        "nodeType": "host",
        "props": Object {
          "d": "M12.272 25.036l-8.749-8.49L0 20.026 12.272 32 36 8.482 32.474 5z",
        },
        "ref": null,
        "rendered": null,
        "type": "path",
      },
    ],
    "type": "svg",
  },
  Symbol(enzyme.__nodes__): Array [
    Object {
      "instance": null,
      "key": undefined,
      "nodeType": "host",
      "props": Object {
        "children": Array [
          null,
          <path
            d="M12.272 25.036l-8.749-8.49L0 20.026 12.272 32 36 8.482 32.474 5z"
          />,
        ],
        "fill": "currentColor",
        "height": "1em",
        "viewBox": "0 0 36 36",
        "width": "1em",
      },
      "ref": null,
      "rendered": Array [
        null,
        Object {
          "instance": null,
          "key": undefined,
          "nodeType": "host",
          "props": Object {
            "d": "M12.272 25.036l-8.749-8.49L0 20.026 12.272 32 36 8.482 32.474 5z",
          },
          "ref": null,
          "rendered": null,
          "type": "path",
        },
      ],
      "type": "svg",
    },
  ],
  Symbol(enzyme.__options__): Object {
    "adapter": ReactSixteenAdapter {
      "options": Object {
        "enableComponentDidUpdateOnSetState": true,
      },
    },
  },
}
`;
