// Jest Snapshot v1, https://goo.gl/fbAQLP

exports[`<Link /> renders correctly 1`] = `
.c0 {
  cursor: pointer;
  -webkit-text-decoration: none;
  text-decoration: none;
  color: #e00e00;
}

.c0:hover {
  color: #870000;
}

<Clean.a
  className="c0"
  color="ui.link"
  hover={
    Object {
      "color": "#870000",
    }
  }
  href="/"
>
  Hello world
</Clean.a>
`;
