// Jest Snapshot v1, https://goo.gl/fbAQLP

exports[`<CalendarDay /> renders correctly 1`] = `
<DayWrapper
  selected={true}
>
  <Button
    as="button"
    bg="transparent"
    color="inherit"
    disabled={false}
    highlighted={false}
    m={0}
    p={0}
    selectable={true}
    selected={true}
    type="button"
  >
    21
  </Button>
</DayWrapper>
`;

exports[`<CalendarEmptyDay /> renders correctly 1`] = `
<ContextConsumer>
  <Component />
</ContextConsumer>
`;
