// Jest Snapshot v1, https://goo.gl/fbAQLP

exports[`<Heading /> <Heading.h1 /> renders correctly 1`] = `
<ContextConsumer>
  <Component />
</ContextConsumer>
`;

exports[`<Heading /> <Heading.h2 /> renders correctly 1`] = `
<ContextConsumer>
  <Component />
</ContextConsumer>
`;

exports[`<Heading /> <Heading.h3 /> renders correctly 1`] = `
<ContextConsumer>
  <Component />
</ContextConsumer>
`;

exports[`<Heading /> <Heading.h4 /> renders correctly 1`] = `
<ContextConsumer>
  <Component />
</ContextConsumer>
`;

exports[`<Heading /> <Heading.h5 /> renders correctly 1`] = `
<ContextConsumer>
  <Component />
</ContextConsumer>
`;

exports[`<Heading /> <Heading.h6 /> renders correctly 1`] = `
<ContextConsumer>
  <Component />
</ContextConsumer>
`;

exports[`<Heading /> renders correctly 1`] = `
<ContextConsumer>
  <Component />
</ContextConsumer>
`;
